// Jest Snapshot v1, https://goo.gl/fbAQLP

exports[`Test on Search.jsx should show component with defaul values 1`] = `
<div>
  <div
    class="row"
  >
    <h1>
      Search
    </h1>
    <hr />
    <div
      class="col-5"
    >
      <h4>
        Searching
      </h4>
      <hr />
      <form>
        <input
          autocomplete="off"
          class="form-control"
          name="searchText"
          placeholder="Search a hero"
          type="text"
          value=""
        />
        <button
          class="btn btn-primary mt-2"
        >
          Search
        </button>
      </form>
    </div>
    <div
      class="col-7"
    >
      <h4>
        Result
      </h4>
      <hr />
      <div
        class="alert alert-primary animate__animated animate__fadeIn"
      >
        Search a hero
      </div>
      <div
        aria-label="test-div"
        class="alert alert-danger animate__animated animate__fadeIn"
        style="display: none;"
      >
        There's no results for 
        <b>
          "
          "
        </b>
      </div>
    </div>
  </div>
</div>
`;
